
[TestPrintNintendoLogo - 1]


XXXX      XXXX  XXXX                                                          XXXX              
XXXXXX    XXXX  XXXX                XXXX                                      XXXX              
XXXXXX    XXXX                    XXXXXXXX                                    XXXX              
XXXX  XX  XXXX  XXXX  XXXX  XXXX    XXXX    XXXXXXXX    XXXX  XXXX      XXXXXXXXXX    XXXXXXXX  
XXXX  XX  XXXX  XXXX  XXXXXX  XXXX  XXXX  XXXX    XXXX  XXXXXX  XXXX  XXXX    XXXX  XXXX    XXXX
XXXX    XXXXXX  XXXX  XXXX    XXXX  XXXX  XXXXXXXXXXXX  XXXX    XXXX  XXXX    XXXX  XXXX    XXXX
XXXX    XXXXXX  XXXX  XXXX    XXXX  XXXX  XXXX          XXXX    XXXX  XXXX    XXXX  XXXX    XXXX
XXXX      XXXX  XXXX  XXXX    XXXX  XXXX    XXXXXXXXXX  XXXX    XXXX    XXXXXXXXXX    XXXXXXXX  



---
